[36mvite v5.4.21 [32mbuilding for production...[36m[39m
transforming...
[plugin:vite:resolve] [plugin vite:resolve] Module "stream" has been externalized for browser compatibility, imported by "U:/WWW_Zen_BRo_wser_org3/node_modules/@segment/analytics-node/node_modules/node-fetch/lib/index.mjs". See https://vite.dev/guide/troubleshooting.html#module-externalized-for-browser-compatibility for more details.
[plugin:vite:resolve] [plugin vite:resolve] Module "http" has been externalized for browser compatibility, imported by "U:/WWW_Zen_BRo_wser_org3/node_modules/@segment/analytics-node/node_modules/node-fetch/lib/index.mjs". See https://vite.dev/guide/troubleshooting.html#module-externalized-for-browser-compatibility for more details.
[plugin:vite:resolve] [plugin vite:resolve] Module "url" has been externalized for browser compatibility, imported by "U:/WWW_Zen_BRo_wser_org3/node_modules/@segment/analytics-node/node_modules/node-fetch/lib/index.mjs". See https://vite.dev/guide/troubleshooting.html#module-externalized-for-browser-compatibility for more details.
[plugin:vite:resolve] [plugin vite:resolve] Module "https" has been externalized for browser compatibility, imported by "U:/WWW_Zen_BRo_wser_org3/node_modules/@segment/analytics-node/node_modules/node-fetch/lib/index.mjs". See https://vite.dev/guide/troubleshooting.html#module-externalized-for-browser-compatibility for more details.
[plugin:vite:resolve] [plugin vite:resolve] Module "zlib" has been externalized for browser compatibility, imported by "U:/WWW_Zen_BRo_wser_org3/node_modules/@segment/analytics-node/node_modules/node-fetch/lib/index.mjs". See https://vite.dev/guide/troubleshooting.html#module-externalized-for-browser-compatibility for more details.
[32mÔťô[39m 8668 modules transformed.
Circular chunk: vendor-zustand -> vendor-react -> vendor-zustand. Please adjust the manual chunk logic for these chunks.
Circular chunk: vendor-react -> vendor-partial-json -> vendor-react. Please adjust the manual chunk logic for these chunks.
Circular chunk: vendor-react -> vendor-copilotkit -> vendor-react. Please adjust the manual chunk logic for these chunks.
Circular chunk: vendor-react -> vendor-radix-ui -> vendor-react. Please adjust the manual chunk logic for these chunks.
Circular chunk: vendor-react -> vendor-radix-ui -> vendor-react-remove-scroll -> vendor-react. Please adjust the manual chunk logic for these chunks.
Circular chunk: vendor-react -> vendor-radix-ui -> vendor-react-remove-scroll -> vendor-react-remove-scroll-bar -> vendor-react. Please adjust the manual chunk logic for these chunks.
Circular chunk: vendor-react -> vendor-radix-ui -> vendor-react-remove-scroll -> vendor-react-remove-scroll-bar -> vendor-react-style-singleton -> vendor-react. Please adjust the manual chunk logic for these chunks.
Circular chunk: vendor-react -> vendor-radix-ui -> vendor-react-remove-scroll -> vendor-use-sidecar -> vendor-react. Please adjust the manual chunk logic for these chunks.
Circular chunk: vendor-react -> vendor-radix-ui -> vendor-react-remove-scroll -> vendor-use-callback-ref -> vendor-react. Please adjust the manual chunk logic for these chunks.
Circular chunk: vendor-react -> vendor-lucide-react -> vendor-react. Please adjust the manual chunk logic for these chunks.
Circular chunk: vendor-react -> vendor-streamdown -> vendor-react. Please adjust the manual chunk logic for these chunks.
Circular chunk: vendor-react -> vendor-streamdown -> vendor-hast-util-to-jsx-runtime -> vendor-style-to-js -> vendor-react. Please adjust the manual chunk logic for these chunks.
Circular chunk: vendor-react -> vendor-streamdown -> vendor-unified -> vendor-extend -> vendor-react. Please adjust the manual chunk logic for these chunks.
Circular chunk: vendor-react -> vendor-use-stick-to-bottom -> vendor-react. Please adjust the manual chunk logic for these chunks.
Generated an empty chunk: "vendor-detect-node-es".
Generated an empty chunk: "vendor-micromark-util-encode".
Generated an empty chunk: "vendor-micromark-extension-gfm-tagfilter".
Generated an empty chunk: "vendor-ansi-styles".
Generated an empty chunk: "vendor-color-name".
Generated an empty chunk: "vendor-color-convert".
Generated an empty chunk: "vendor-supports-color".
Generated an empty chunk: "vendor-chalk".
Generated an empty chunk: "vendor-segment-analytics-core".
Generated an empty chunk: "vendor-dset".
Generated an empty chunk: "vendor-segment-analytics-generic-utils".
Generated an empty chunk: "vendor-lukeed-uuid".
Generated an empty chunk: "vendor-segment-analytics-node".
Generated an empty chunk: "vendor-is-buffer".
Generated an empty chunk: "vendor-vfile".
Generated an empty chunk: "vendor-remark-parse".
Generated an empty chunk: "vendor-remark-rehype".
Generated an empty chunk: "vendor-unist-util-visit".
Generated an empty chunk: "vendor-unist-util-generated".
Generated an empty chunk: "vendor-mdast-util-definitions".
Generated an empty chunk: "vendor-prop-types".
Generated an empty chunk: "vendor-property-information".
Generated an empty chunk: "vendor-hast-util-whitespace".
Generated an empty chunk: "vendor-style-to-object".
Generated an empty chunk: "vendor-inline-style-parser".
Generated an empty chunk: "vendor-0no-co-graphql-web".
Generated an empty chunk: "vendor-wonka".
Generated an empty chunk: "vendor-urql-core".
Generated an empty chunk: "vendor-d3-chord".
Generated an empty chunk: "vendor-d3-contour".
Generated an empty chunk: "vendor-robust-predicates".
Generated an empty chunk: "vendor-delaunator".
Generated an empty chunk: "vendor-d3-delaunay".
Generated an empty chunk: "vendor-d3-dsv".
Generated an empty chunk: "vendor-d3-fetch".
Generated an empty chunk: "vendor-d3-force".
Generated an empty chunk: "vendor-d3-quadtree".
Generated an empty chunk: "vendor-d3-geo".
Generated an empty chunk: "vendor-d3-polygon".
Generated an empty chunk: "vendor-d3-random".
Generated an empty chunk: "vendor-shiki".
Generated an empty chunk: "vendor-punycode".
Generated an empty chunk: "vendor-chevrotain-cst-dts-gen".
rendering chunks...
computing gzip size...
[2mdist/[22m[32massets/KaTeX_Size3-Regular-CTq5MqoE.woff                                      [39m[1m[2m    4.42 kB[22m[1m[22m
[2mdist/[22m[32massets/KaTeX_Size4-Regular-Dl5lxZxV.woff2                                     [39m[1m[2m    4.93 kB[22m[1m[22m
[2mdist/[22m[32massets/KaTeX_Size2-Regular-Dy4dx90m.woff2                                     [39m[1m[2m    5.21 kB[22m[1m[22m
[2mdist/[22m[32massets/KaTeX_Size1-Regular-mCD8mA8B.woff2                                     [39m[1m[2m    5.47 kB[22m[1m[22m
[2mdist/[22m[32massets/KaTeX_Size4-Regular-BF-4gkZK.woff                                      [39m[1m[2m    5.98 kB[22m[1m[22m
[2mdist/[22m[32massets/KaTeX_Size2-Regular-oD1tc_U0.woff                                      [39m[1m[2m    6.19 kB[22m[1m[22m
[2mdist/[22m[32massets/KaTeX_Size1-Regular-C195tn64.woff                                      [39m[1m[2m    6.50 kB[22m[1m[22m
[2mdist/[22m[32massets/KaTeX_Caligraphic-Regular-Di6jR-x-.woff2                               [39m[1m[2m    6.91 kB[22m[1m[22m
[2mdist/[22m[32massets/KaTeX_Caligraphic-Bold-Dq_IR9rO.woff2                                  [39m[1m[2m    6.91 kB[22m[1m[22m
[2mdist/[22m[32massets/KaTeX_Size3-Regular-DgpXs0kz.ttf                                       [39m[1m[2m    7.59 kB[22m[1m[22m
[2mdist/[22m[32massets/KaTeX_Caligraphic-Regular-CTRA-rTL.woff                                [39m[1m[2m    7.66 kB[22m[1m[22m
[2mdist/[22m[32massets/KaTeX_Caligraphic-Bold-BEiXGLvX.woff                                   [39m[1m[2m    7.72 kB[22m[1m[22m
[2mdist/[22m[32massets/KaTeX_Script-Regular-D3wIWfF6.woff2                                    [39m[1m[2m    9.64 kB[22m[1m[22m
[2mdist/[22m[32massets/KaTeX_SansSerif-Regular-DDBCnlJ7.woff2                                 [39m[1m[2m   10.34 kB[22m[1m[22m
[2mdist/[22m[32massets/KaTeX_Size4-Regular-DWFBv043.ttf                                       [39m[1m[2m   10.36 kB[22m[1m[22m
[2mdist/[22m[32massets/KaTeX_Script-Regular-D5yQViql.woff                                     [39m[1m[2m   10.59 kB[22m[1m[22m
[2mdist/[22m[32massets/KaTeX_Fraktur-Regular-CTYiF6lA.woff2                                   [39m[1m[2m   11.32 kB[22m[1m[22m
[2mdist/[22m[32massets/KaTeX_Fraktur-Bold-CL6g_b3V.woff2                                      [39m[1m[2m   11.35 kB[22m[1m[22m
[2mdist/[22m[32massets/KaTeX_Size2-Regular-B7gKUWhC.ttf                                       [39m[1m[2m   11.51 kB[22m[1m[22m
[2mdist/[22m[32massets/KaTeX_SansSerif-Italic-C3H0VqGB.woff2                                  [39m[1m[2m   12.03 kB[22m[1m[22m
[2mdist/[22m[32massets/KaTeX_SansSerif-Bold-D1sUS0GD.woff2                                    [39m[1m[2m   12.22 kB[22m[1m[22m
[2mdist/[22m[32massets/KaTeX_Size1-Regular-Dbsnue_I.ttf                                       [39m[1m[2m   12.23 kB[22m[1m[22m
[2mdist/[22m[32massets/KaTeX_SansSerif-Regular-CS6fqUqJ.woff                                  [39m[1m[2m   12.32 kB[22m[1m[22m
[2mdist/[22m[32massets/KaTeX_Caligraphic-Regular-wX97UBjC.ttf                                 [39m[1m[2m   12.34 kB[22m[1m[22m
[2mdist/[22m[32massets/KaTeX_Caligraphic-Bold-ATXxdsX0.ttf                                    [39m[1m[2m   12.37 kB[22m[1m[22m
[2mdist/[22m[32massets/KaTeX_Fraktur-Regular-Dxdc4cR9.woff                                    [39m[1m[2m   13.21 kB[22m[1m[22m
[2mdist/[22m[32massets/KaTeX_Fraktur-Bold-BsDP51OF.woff                                       [39m[1m[2m   13.30 kB[22m[1m[22m
[2mdist/[22m[32massets/KaTeX_Typewriter-Regular-CO6r4hn1.woff2                                [39m[1m[2m   13.57 kB[22m[1m[22m
[2mdist/[22m[32massets/KaTeX_SansSerif-Italic-DN2j7dab.woff                                   [39m[1m[2m   14.11 kB[22m[1m[22m
[2mdist/[22m[32massets/KaTeX_SansSerif-Bold-DbIhKOiC.woff                                     [39m[1m[2m   14.41 kB[22m[1m[22m
[2mdist/[22m[32massets/KaTeX_Typewriter-Regular-C0xS9mPB.woff                                 [39m[1m[2m   16.03 kB[22m[1m[22m
[2mdist/[22m[32massets/KaTeX_Math-BoldItalic-CZnvNsCZ.woff2                                   [39m[1m[2m   16.40 kB[22m[1m[22m
[2mdist/[22m[32massets/KaTeX_Math-Italic-t53AETM-.woff2                                       [39m[1m[2m   16.44 kB[22m[1m[22m
[2mdist/[22m[32massets/KaTeX_Script-Regular-C5JkGWo-.ttf                                      [39m[1m[2m   16.65 kB[22m[1m[22m
[2mdist/[22m[32massets/KaTeX_Main-BoldItalic-DxDJ3AOS.woff2                                   [39m[1m[2m   16.78 kB[22m[1m[22m
[2mdist/[22m[32massets/KaTeX_Main-Italic-NWA7e6Wa.woff2                                       [39m[1m[2m   16.99 kB[22m[1m[22m
[2mdist/[22m[32massets/KaTeX_Math-BoldItalic-iY-2wyZ7.woff                                    [39m[1m[2m   18.67 kB[22m[1m[22m
[2mdist/[22m[32massets/KaTeX_Math-Italic-DA0__PXp.woff                                        [39m[1m[2m   18.75 kB[22m[1m[22m
[2mdist/[22m[32massets/KaTeX_Main-BoldItalic-SpSLRI95.woff                                    [39m[1m[2m   19.41 kB[22m[1m[22m
[2mdist/[22m[32massets/KaTeX_SansSerif-Regular-BNo7hRIc.ttf                                   [39m[1m[2m   19.44 kB[22m[1m[22m
[2mdist/[22m[32massets/KaTeX_Fraktur-Regular-CB_wures.ttf                                     [39m[1m[2m   19.57 kB[22m[1m[22m
[2mdist/[22m[32massets/KaTeX_Fraktur-Bold-BdnERNNW.ttf                                        [39m[1m[2m   19.58 kB[22m[1m[22m
[2mdist/[22m[32massets/KaTeX_Main-Italic-BMLOBm91.woff                                        [39m[1m[2m   19.68 kB[22m[1m[22m
[2mdist/[22m[32massets/KaTeX_SansSerif-Italic-YYjJ1zSn.ttf                                    [39m[1m[2m   22.36 kB[22m[1m[22m
[2mdist/[22m[32mindex.html                                                                    [39m[1m[2m   23.42 kB[22m[1m[22m[2m Ôöé gzip:   4.68 kB[22m
[2mdist/[22m[32massets/KaTeX_SansSerif-Bold-CFMepnvq.ttf                                      [39m[1m[2m   24.50 kB[22m[1m[22m
[2mdist/[22m[32massets/KaTeX_Main-Bold-Cx986IdX.woff2                                         [39m[1m[2m   25.32 kB[22m[1m[22m
[2mdist/[22m[32massets/KaTeX_Main-Regular-B22Nviop.woff2                                      [39m[1m[2m   26.27 kB[22m[1m[22m
[2mdist/[22m[32massets/KaTeX_Typewriter-Regular-D3Ib7_Hf.ttf                                  [39m[1m[2m   27.56 kB[22m[1m[22m
[2mdist/[22m[32massets/KaTeX_AMS-Regular-BQhdFMY1.woff2                                       [39m[1m[2m   28.08 kB[22m[1m[22m
[2mdist/[22m[32massets/KaTeX_Main-Bold-Jm3AIy58.woff                                          [39m[1m[2m   29.91 kB[22m[1m[22m
[2mdist/[22m[32massets/KaTeX_Main-Regular-Dr94JaBh.woff                                       [39m[1m[2m   30.77 kB[22m[1m[22m
[2mdist/[22m[32massets/KaTeX_Math-BoldItalic-B3XSjfu4.ttf                                     [39m[1m[2m   31.20 kB[22m[1m[22m
[2mdist/[22m[32massets/KaTeX_Math-Italic-flOr_0UB.ttf                                         [39m[1m[2m   31.31 kB[22m[1m[22m
[2mdist/[22m[32massets/KaTeX_Main-BoldItalic-DzxPMmG6.ttf                                     [39m[1m[2m   32.97 kB[22m[1m[22m
[2mdist/[22m[32massets/KaTeX_AMS-Regular-DMm9YOAa.woff                                        [39m[1m[2m   33.52 kB[22m[1m[22m
[2mdist/[22m[32massets/KaTeX_Main-Italic-3WenGoN9.ttf                                         [39m[1m[2m   33.58 kB[22m[1m[22m
[2mdist/[22m[32massets/KaTeX_Main-Bold-waoOVXN0.ttf                                           [39m[1m[2m   51.34 kB[22m[1m[22m
[2mdist/[22m[32massets/KaTeX_Main-Regular-ypZvNtVU.ttf                                        [39m[1m[2m   53.58 kB[22m[1m[22m
[2mdist/[22m[32massets/KaTeX_AMS-Regular-DRggAlZN.ttf                                         [39m[1m[2m   63.63 kB[22m[1m[22m
[2mdist/[22m[35massets/UpdateNotification-BKYZ-ocR.css                                        [39m[1m[2m    1.35 kB[22m[1m[22m[2m Ôöé gzip:   0.61 kB[22m
[2mdist/[22m[35massets/CloudflareTunnelPanel-CcI9gv_X.css                                     [39m[1m[2m    1.70 kB[22m[1m[22m[2m Ôöé gzip:   0.59 kB[22m
[2mdist/[22m[35massets/PluginHub-C6P8CmzE.css                                                 [39m[1m[2m    4.67 kB[22m[1m[22m[2m Ôöé gzip:   1.45 kB[22m
[2mdist/[22m[35massets/vendor-react-BZV40eAE.css                                              [39m[1m[2m   15.85 kB[22m[1m[22m[2m Ôöé gzip:   2.66 kB[22m
[2mdist/[22m[35massets/vendor-katex-4zOZKo_l.css                                              [39m[1m[2m   28.91 kB[22m[1m[22m[2m Ôöé gzip:   8.04 kB[22m
[2mdist/[22m[35massets/index-BV3E2LcC.css                                                     [39m[1m[2m   77.38 kB[22m[1m[22m[2m Ôöé gzip:  14.00 kB[22m
[2mdist/[22m[36massets/vendor-detect-node-es-l0sNRNKZ.js                                      [39m[1m[2m    0.00 kB[22m[1m[22m[2m Ôöé gzip:   0.02 kB[22m
[2mdist/[22m[36massets/vendor-micromark-util-encode-l0sNRNKZ.js                               [39m[1m[2m    0.00 kB[22m[1m[22m[2m Ôöé gzip:   0.02 kB[22m
[2mdist/[22m[36massets/vendor-micromark-extension-gfm-tagfilter-l0sNRNKZ.js                   [39m[1m[2m    0.00 kB[22m[1m[22m[2m Ôöé gzip:   0.02 kB[22m
[2mdist/[22m[36massets/vendor-ansi-styles-l0sNRNKZ.js                                         [39m[1m[2m    0.00 kB[22m[1m[22m[2m Ôöé gzip:   0.02 kB[22m
[2mdist/[22m[36massets/vendor-color-name-l0sNRNKZ.js                                          [39m[1m[2m    0.00 kB[22m[1m[22m[2m Ôöé gzip:   0.02 kB[22m
[2mdist/[22m[36massets/vendor-color-convert-l0sNRNKZ.js                                       [39m[1m[2m    0.00 kB[22m[1m[22m[2m Ôöé gzip:   0.02 kB[22m
[2mdist/[22m[36massets/vendor-supports-color-l0sNRNKZ.js                                      [39m[1m[2m    0.00 kB[22m[1m[22m[2m Ôöé gzip:   0.02 kB[22m
[2mdist/[22m[36massets/vendor-chalk-l0sNRNKZ.js                                               [39m[1m[2m    0.00 kB[22m[1m[22m[2m Ôöé gzip:   0.02 kB[22m
[2mdist/[22m[36massets/vendor-segment-analytics-core-l0sNRNKZ.js                              [39m[1m[2m    0.00 kB[22m[1m[22m[2m Ôöé gzip:   0.02 kB[22m
[2mdist/[22m[36massets/vendor-dset-l0sNRNKZ.js                                                [39m[1m[2m    0.00 kB[22m[1m[22m[2m Ôöé gzip:   0.02 kB[22m
[2mdist/[22m[36massets/vendor-segment-analytics-generic-utils-l0sNRNKZ.js                     [39m[1m[2m    0.00 kB[22m[1m[22m[2m Ôöé gzip:   0.02 kB[22m
[2mdist/[22m[36massets/vendor-lukeed-uuid-l0sNRNKZ.js                                         [39m[1m[2m    0.00 kB[22m[1m[22m[2m Ôöé gzip:   0.02 kB[22m
[2mdist/[22m[36massets/vendor-segment-analytics-node-l0sNRNKZ.js                              [39m[1m[2m    0.00 kB[22m[1m[22m[2m Ôöé gzip:   0.02 kB[22m
[2mdist/[22m[36massets/vendor-is-buffer-l0sNRNKZ.js                                           [39m[1m[2m    0.00 kB[22m[1m[22m[2m Ôöé gzip:   0.02 kB[22m
[2mdist/[22m[36massets/vendor-vfile-l0sNRNKZ.js                                               [39m[1m[2m    0.00 kB[22m[1m[22m[2m Ôöé gzip:   0.02 kB[22m
[2mdist/[22m[36massets/vendor-remark-parse-l0sNRNKZ.js                                        [39m[1m[2m    0.00 kB[22m[1m[22m[2m Ôöé gzip:   0.02 kB[22m
[2mdist/[22m[36massets/vendor-remark-rehype-l0sNRNKZ.js                                       [39m[1m[2m    0.00 kB[22m[1m[22m[2m Ôöé gzip:   0.02 kB[22m
[2mdist/[22m[36massets/vendor-unist-util-visit-l0sNRNKZ.js                                    [39m[1m[2m    0.00 kB[22m[1m[22m[2m Ôöé gzip:   0.02 kB[22m
[2mdist/[22m[36massets/vendor-unist-util-generated-l0sNRNKZ.js                                [39m[1m[2m    0.00 kB[22m[1m[22m[2m Ôöé gzip:   0.02 kB[22m
[2mdist/[22m[36massets/vendor-mdast-util-definitions-l0sNRNKZ.js                              [39m[1m[2m    0.00 kB[22m[1m[22m[2m Ôöé gzip:   0.02 kB[22m
[2mdist/[22m[36massets/vendor-prop-types-l0sNRNKZ.js                                          [39m[1m[2m    0.00 kB[22m[1m[22m[2m Ôöé gzip:   0.02 kB[22m
[2mdist/[22m[36massets/vendor-property-information-l0sNRNKZ.js                                [39m[1m[2m    0.00 kB[22m[1m[22m[2m Ôöé gzip:   0.02 kB[22m
[2mdist/[22m[36massets/vendor-hast-util-whitespace-l0sNRNKZ.js                                [39m[1m[2m    0.00 kB[22m[1m[22m[2m Ôöé gzip:   0.02 kB[22m
[2mdist/[22m[36massets/vendor-style-to-object-l0sNRNKZ.js                                     [39m[1m[2m    0.00 kB[22m[1m[22m[2m Ôöé gzip:   0.02 kB[22m
[2mdist/[22m[36massets/vendor-inline-style-parser-l0sNRNKZ.js                                 [39m[1m[2m    0.00 kB[22m[1m[22m[2m Ôöé gzip:   0.02 kB[22m
[2mdist/[22m[36massets/vendor-0no-co-graphql-web-l0sNRNKZ.js                                  [39m[1m[2m    0.00 kB[22m[1m[22m[2m Ôöé gzip:   0.02 kB[22m
[2mdist/[22m[36massets/vendor-wonka-l0sNRNKZ.js                                               [39m[1m[2m    0.00 kB[22m[1m[22m[2m Ôöé gzip:   0.02 kB[22m
[2mdist/[22m[36massets/vendor-urql-core-l0sNRNKZ.js                                           [39m[1m[2m    0.00 kB[22m[1m[22m[2m Ôöé gzip:   0.02 kB[22m
[2mdist/[22m[36massets/vendor-d3-chord-l0sNRNKZ.js                                            [39m[1m[2m    0.00 kB[22m[1m[22m[2m Ôöé gzip:   0.02 kB[22m
[2mdist/[22m[36massets/vendor-d3-contour-l0sNRNKZ.js                                          [39m[1m[2m    0.00 kB[22m[1m[22m[2m Ôöé gzip:   0.02 kB[22m
[2mdist/[22m[36massets/vendor-robust-predicates-l0sNRNKZ.js                                   [39m[1m[2m    0.00 kB[22m[1m[22m[2m Ôöé gzip:   0.02 kB[22m
[2mdist/[22m[36massets/vendor-delaunator-l0sNRNKZ.js                                          [39m[1m[2m    0.00 kB[22m[1m[22m[2m Ôöé gzip:   0.02 kB[22m
[2mdist/[22m[36massets/vendor-d3-delaunay-l0sNRNKZ.js                                         [39m[1m[2m    0.00 kB[22m[1m[22m[2m Ôöé gzip:   0.02 kB[22m
[2mdist/[22m[36massets/vendor-d3-dsv-l0sNRNKZ.js                                              [39m[1m[2m    0.00 kB[22m[1m[22m[2m Ôöé gzip:   0.02 kB[22m
[2mdist/[22m[36massets/vendor-d3-fetch-l0sNRNKZ.js                                            [39m[1m[2m    0.00 kB[22m[1m[22m[2m Ôöé gzip:   0.02 kB[22m
[2mdist/[22m[36massets/vendor-d3-force-l0sNRNKZ.js                                            [39m[1m[2m    0.00 kB[22m[1m[22m[2m Ôöé gzip:   0.02 kB[22m
[2mdist/[22m[36massets/vendor-d3-quadtree-l0sNRNKZ.js                                         [39m[1m[2m    0.00 kB[22m[1m[22m[2m Ôöé gzip:   0.02 kB[22m
[2mdist/[22m[36massets/vendor-d3-geo-l0sNRNKZ.js                                              [39m[1m[2m    0.00 kB[22m[1m[22m[2m Ôöé gzip:   0.02 kB[22m
[2mdist/[22m[36massets/vendor-d3-polygon-l0sNRNKZ.js                                          [39m[1m[2m    0.00 kB[22m[1m[22m[2m Ôöé gzip:   0.02 kB[22m
[2mdist/[22m[36massets/vendor-d3-random-l0sNRNKZ.js                                           [39m[1m[2m    0.00 kB[22m[1m[22m[2m Ôöé gzip:   0.02 kB[22m
[2mdist/[22m[36massets/vendor-shiki-l0sNRNKZ.js                                               [39m[1m[2m    0.00 kB[22m[1m[22m[2m Ôöé gzip:   0.02 kB[22m
[2mdist/[22m[36massets/vendor-punycode-l0sNRNKZ.js                                            [39m[1m[2m    0.00 kB[22m[1m[22m[2m Ôöé gzip:   0.02 kB[22m
[2mdist/[22m[36massets/vendor-chevrotain-cst-dts-gen-l0sNRNKZ.js                              [39m[1m[2m    0.00 kB[22m[1m[22m[2m Ôöé gzip:   0.02 kB[22m
[2mdist/[22m[36massets/vendor-devlop-0Dp3JUBc.js                                              [39m[1m[2m    0.03 kB[22m[1m[22m[2m Ôöé gzip:   0.05 kB[22m
[2mdist/[22m[36massets/vendor-react-markdown-BVmZ_bqZ.js                                      [39m[1m[2m    0.04 kB[22m[1m[22m[2m Ôöé gzip:   0.06 kB[22m
[2mdist/[22m[36massets/vendor-bail-FqpXQuLt.js                                                [39m[1m[2m    0.04 kB[22m[1m[22m[2m Ôöé gzip:   0.06 kB[22m
[2mdist/[22m[36massets/vendor-d3-brush-Thx9LodD.js                                            [39m[1m[2m    0.04 kB[22m[1m[22m[2m Ôöé gzip:   0.06 kB[22m
[2mdist/[22m[36massets/vendor-d3-ease-DRPgKoYJ.js                                             [39m[1m[2m    0.07 kB[22m[1m[22m[2m Ôöé gzip:   0.09 kB[22m
[2mdist/[22m[36massets/vendor-d3-C6DWZC6h.js                                                  [39m[1m[2m    0.08 kB[22m[1m[22m[2m Ôöé gzip:   0.08 kB[22m
[2mdist/[22m[36massets/vendor-shikijs-types-CPSbSeK6.js                                       [39m[1m[2m    0.09 kB[22m[1m[22m[2m Ôöé gzip:   0.10 kB[22m
[2mdist/[22m[36massets/vendor-get-nonce-C-Z93AgS.js                                           [39m[1m[2m    0.09 kB[22m[1m[22m[2m Ôöé gzip:   0.10 kB[22m
[2mdist/[22m[36massets/vendor-micromark-util-normalize-identifier-C9ANKk3v.js                 [39m[1m[2m    0.12 kB[22m[1m[22m[2m Ôöé gzip:   0.12 kB[22m
[2mdist/[22m[36massets/vendor-rehype-sanitize-uxZ04hsB.js                                     [39m[1m[2m    0.12 kB[22m[1m[22m[2m Ôöé gzip:   0.12 kB[22m
[2mdist/[22m[36massets/vendor-lit-AP4SEv6l.js                                                 [39m[1m[2m    0.13 kB[22m[1m[22m[2m Ôöé gzip:   0.10 kB[22m
[2mdist/[22m[36massets/vendor-rehype-raw-DxoW1LVP.js                                          [39m[1m[2m    0.13 kB[22m[1m[22m[2m Ôöé gzip:   0.13 kB[22m
[2mdist/[22m[36massets/vendor-space-separated-tokens-D7QSIrTI.js                              [39m[1m[2m    0.14 kB[22m[1m[22m[2m Ôöé gzip:   0.14 kB[22m
[2mdist/[22m[36massets/vendor-micromark-util-resolve-all-PQCKh0dx.js                          [39m[1m[2m    0.15 kB[22m[1m[22m[2m Ôöé gzip:   0.14 kB[22m
[2mdist/[22m[36massets/vendor-micromark-util-classify-character-BYjIq6pa.js                   [39m[1m[2m    0.16 kB[22m[1m[22m[2m Ôöé gzip:   0.15 kB[22m
[2mdist/[22m[36massets/vendor-html-void-elements-CkdplsNl.js                                  [39m[1m[2m    0.18 kB[22m[1m[22m[2m Ôöé gzip:   0.14 kB[22m
[2mdist/[22m[36massets/vendor-decode-named-character-reference-C3-224fz.js                    [39m[1m[2m    0.18 kB[22m[1m[22m[2m Ôöé gzip:   0.17 kB[22m
[2mdist/[22m[36massets/vendor-remark-cjk-friendly-CBrYtr8s.js                                 [39m[1m[2m    0.19 kB[22m[1m[22m[2m Ôöé gzip:   0.16 kB[22m
[2mdist/[22m[36massets/vendor-d3-scale-chromatic-CvOaoHrI.js                                  [39m[1m[2m    0.19 kB[22m[1m[22m[2m Ôöé gzip:   0.18 kB[22m
[2mdist/[22m[36massets/vendor-ccount-c2V3InAJ.js                                              [39m[1m[2m    0.19 kB[22m[1m[22m[2m Ôöé gzip:   0.16 kB[22m
[2mdist/[22m[36massets/vendor-estree-util-is-identifier-name-BgBfM8ME.js                      [39m[1m[2m    0.19 kB[22m[1m[22m[2m Ôöé gzip:   0.14 kB[22m
[2mdist/[22m[36massets/vendor-remark-cjk-friendly-gfm-strikethrough-BKQO5DGA.js               [39m[1m[2m    0.21 kB[22m[1m[22m[2m Ôöé gzip:   0.17 kB[22m
[2mdist/[22m[36massets/vendor-hast-util-from-html-isomorphic-D3z3ZrX-.js                      [39m[1m[2m    0.22 kB[22m[1m[22m[2m Ôöé gzip:   0.19 kB[22m
[2mdist/[22m[36massets/vendor-micromark-util-decode-numeric-character-reference-CNs1qBpV.js   [39m[1m[2m    0.22 kB[22m[1m[22m[2m Ôöé gzip:   0.19 kB[22m
[2mdist/[22m[36massets/vendor-longest-streak-CtXnX3Xp.js                                      [39m[1m[2m    0.22 kB[22m[1m[22m[2m Ôöé gzip:   0.19 kB[22m
[2mdist/[22m[36massets/vendor-classcat-RvS1aOr8.js                                            [39m[1m[2m    0.23 kB[22m[1m[22m[2m Ôöé gzip:   0.18 kB[22m
[2mdist/[22m[36massets/vendor-is-plain-obj-C1gvLhAf.js                                        [39m[1m[2m    0.23 kB[22m[1m[22m[2m Ôöé gzip:   0.17 kB[22m
[2mdist/[22m[36massets/vendor-web-namespaces-bsVAaBS1.js                                      [39m[1m[2m    0.25 kB[22m[1m[22m[2m Ôöé gzip:   0.14 kB[22m
[2mdist/[22m[36massets/vendor-micromark-factory-space-CbmDqGVn.js                             [39m[1m[2m    0.28 kB[22m[1m[22m[2m Ôöé gzip:   0.23 kB[22m
[2mdist/[22m[36massets/vendor-mdast-util-phrasing-GiRy56vE.js                                 [39m[1m[2m    0.29 kB[22m[1m[22m[2m Ôöé gzip:   0.21 kB[22m
[2mdist/[22m[36massets/vendor-zwitch-C2o2j-tx.js                                              [39m[1m[2m    0.30 kB[22m[1m[22m[2m Ôöé gzip:   0.21 kB[22m
[2mdist/[22m[36massets/vendor-unist-util-stringify-position-Ch_qCilz.js                       [39m[1m[2m    0.32 kB[22m[1m[22m[2m Ôöé gzip:   0.19 kB[22m
[2mdist/[22m[36massets/vendor-micromark-factory-whitespace-DhezuCTz.js                        [39m[1m[2m    0.32 kB[22m[1m[22m[2m Ôöé gzip:   0.23 kB[22m
[2mdist/[22m[36massets/vendor-micromark-util-chunked-DrRIdSP-.js                              [39m[1m[2m    0.33 kB[22m[1m[22m[2m Ôöé gzip:   0.23 kB[22m
[2mdist/[22m[36massets/vendor-comma-separated-tokens-CRUGqg4f.js                              [39m[1m[2m    0.34 kB[22m[1m[22m[2m Ôöé gzip:   0.26 kB[22m
[2mdist/[22m[36massets/vendor-micromark-util-symbol-BBp6JJnk.js                               [39m[1m[2m    0.37 kB[22m[1m[22m[2m Ôöé gzip:   0.21 kB[22m
[2mdist/[22m[36massets/vendor-chevrotain-utils-DXqYm0RC.js                                    [39m[1m[2m    0.37 kB[22m[1m[22m[2m Ôöé gzip:   0.21 kB[22m
[2mdist/[22m[36massets/vendor-clsx-B-dksMZM.js                                                [39m[1m[2m    0.37 kB[22m[1m[22m[2m Ôöé gzip:   0.24 kB[22m
[2mdist/[22m[36massets/vendor-unist-util-position-60F3QETU.js                                 [39m[1m[2m    0.38 kB[22m[1m[22m[2m Ôöé gzip:   0.23 kB[22m
[2mdist/[22m[36massets/vendor-remark-gfm-DbetdPTD.js                                          [39m[1m[2m    0.40 kB[22m[1m[22m[2m Ôöé gzip:   0.24 kB[22m
[2mdist/[22m[36massets/vendor-remark-math-C2O9MaZn.js                                         [39m[1m[2m    0.40 kB[22m[1m[22m[2m Ôöé gzip:   0.24 kB[22m
[2mdist/[22m[36massets/vendor-trim-lines-D8znQY54.js                                          [39m[1m[2m    0.44 kB[22m[1m[22m[2m Ôöé gzip:   0.26 kB[22m
[2mdist/[22m[36massets/vendor-micromark-util-decode-string-fHsnqYdj.js                        [39m[1m[2m    0.44 kB[22m[1m[22m[2m Ôöé gzip:   0.31 kB[22m
[2mdist/[22m[36massets/vendor-unist-util-find-after-DhJvaFda.js                               [39m[1m[2m    0.45 kB[22m[1m[22m[2m Ôöé gzip:   0.30 kB[22m
[2mdist/[22m[36massets/vendor-micromark-util-combine-extensions-d8XJZrgA.js                   [39m[1m[2m    0.46 kB[22m[1m[22m[2m Ôöé gzip:   0.32 kB[22m
[2mdist/[22m[36massets/vendor-mdast-util-gfm-C9JWa2al.js                                      [39m[1m[2m    0.49 kB[22m[1m[22m[2m Ôöé gzip:   0.27 kB[22m
[2mdist/[22m[36massets/vendor-mdast-util-to-string-C_aolqmU.js                                [39m[1m[2m    0.51 kB[22m[1m[22m[2m Ôöé gzip:   0.31 kB[22m
[2mdist/[22m[36massets/vendor-micromark-extension-gfm-CDKyYW1f.js                             [39m[1m[2m    0.52 kB[22m[1m[22m[2m Ôöé gzip:   0.26 kB[22m
[2mdist/[22m[36massets/vendor-micromark-util-character-plvjwX7f.js                            [39m[1m[2m    0.53 kB[22m[1m[22m[2m Ôöé gzip:   0.32 kB[22m
[2mdist/[22m[36massets/vendor-micromark-util-html-tag-name-DbKNfynz.js                        [39m[1m[2m    0.55 kB[22m[1m[22m[2m Ôöé gzip:   0.30 kB[22m
[2mdist/[22m[36massets/vendor-micromark-util-sanitize-uri-CYT2itC0.js                         [39m[1m[2m    0.58 kB[22m[1m[22m[2m Ôöé gzip:   0.39 kB[22m
[2mdist/[22m[36massets/vendor-mdast-util-gfm-strikethrough-Cj9qKt6Q.js                        [39m[1m[2m    0.62 kB[22m[1m[22m[2m Ôöé gzip:   0.37 kB[22m
[2mdist/[22m[36massets/vendor-internmap-BkD7Hj8s.js                                           [39m[1m[2m    0.64 kB[22m[1m[22m[2m Ôöé gzip:   0.31 kB[22m
[2mdist/[22m[36massets/vendor-use-callback-ref-BiByR3AB.js                                    [39m[1m[2m    0.68 kB[22m[1m[22m[2m Ôöé gzip:   0.38 kB[22m
[2mdist/[22m[36massets/vendor-vfile-location-LfEFwJ2h.js                                      [39m[1m[2m    0.69 kB[22m[1m[22m[2m Ôöé gzip:   0.40 kB[22m
[2mdist/[22m[36massets/vendor-micromark-factory-label-hnj3SCTw.js                             [39m[1m[2m    0.73 kB[22m[1m[22m[2m Ôöé gzip:   0.39 kB[22m
[2mdist/[22m[36massets/vendor-micromark-factory-title-BNIe5Qe8.js                             [39m[1m[2m    0.74 kB[22m[1m[22m[2m Ôöé gzip:   0.37 kB[22m
[2mdist/[22m[36massets/vendor-hast-util-is-element-DyH4pHXM.js                                [39m[1m[2m    0.76 kB[22m[1m[22m[2m Ôöé gzip:   0.37 kB[22m
[2mdist/[22m[36massets/vendor-ts-dedent-DrFu-skq.js                                           [39m[1m[2m    0.77 kB[22m[1m[22m[2m Ôöé gzip:   0.47 kB[22m
[2mdist/[22m[36massets/vendor-unist-util-is-D9KQvrmg.js                                       [39m[1m[2m    0.78 kB[22m[1m[22m[2m Ôöé gzip:   0.39 kB[22m
[2mdist/[22m[36massets/vendor-trough-B_b8ryxu.js                                              [39m[1m[2m    0.80 kB[22m[1m[22m[2m Ôöé gzip:   0.44 kB[22m
[2mdist/[22m[36massets/vendor-class-variance-authority-BAe-hQwh.js                            [39m[1m[2m    0.80 kB[22m[1m[22m[2m Ôöé gzip:   0.44 kB[22m
[2mdist/[22m[36massets/vendor-compare-versions-DqEOhma6.js                                    [39m[1m[2m    0.82 kB[22m[1m[22m[2m Ôöé gzip:   0.48 kB[22m
[2mdist/[22m[36massets/vendor-react-style-singleton-DGFqSYht.js                               [39m[1m[2m    0.83 kB[22m[1m[22m[2m Ôöé gzip:   0.45 kB[22m
[2mdist/[22m[36massets/vendor-unist-util-visit-parents-B3k-o7P8.js                            [39m[1m[2m    0.91 kB[22m[1m[22m[2m Ôöé gzip:   0.54 kB[22m
[2mdist/[22m[36massets/vendor-micromark-extension-gfm-task-list-item-B_SQwmCv.js              [39m[1m[2m    0.98 kB[22m[1m[22m[2m Ôöé gzip:   0.44 kB[22m
[2mdist/[22m[36massets/vendor-ts-deepmerge-CQ9kdUv2.js                                        [39m[1m[2m    0.99 kB[22m[1m[22m[2m Ôöé gzip:   0.52 kB[22m
[2mdist/[22m[36massets/vendor-micromark-factory-destination-aSxpiwBF.js                       [39m[1m[2m    1.02 kB[22m[1m[22m[2m Ôöé gzip:   0.44 kB[22m
[2mdist/[22m[36massets/vendor-lit-element-ZSrqjKer.js                                         [39m[1m[2m    1.08 kB[22m[1m[22m[2m Ôöé gzip:   0.55 kB[22m
[2mdist/[22m[36massets/vendor-regex-utilities-2BQyy0xI.js                                     [39m[1m[2m    1.08 kB[22m[1m[22m[2m Ôöé gzip:   0.59 kB[22m
[2mdist/[22m[36massets/vendor-extend-9DGYggpL.js                                              [39m[1m[2m    1.21 kB[22m[1m[22m[2m Ôöé gzip:   0.63 kB[22m
[2mdist/[22m[36massets/vendor-use-sidecar-DDXR4Fwd.js                                         [39m[1m[2m    1.27 kB[22m[1m[22m[2m Ôöé gzip:   0.64 kB[22m
[2mdist/[22m[36massets/vendor-rehype-katex-D0nb-jU9.js                                        [39m[1m[2m    1.30 kB[22m[1m[22m[2m Ôöé gzip:   0.74 kB[22m
[2mdist/[22m[36massets/vendor-mdast-util-gfm-task-list-item-CCphW2lP.js                       [39m[1m[2m    1.32 kB[22m[1m[22m[2m Ôöé gzip:   0.66 kB[22m
[2mdist/[22m[36massets/vendor-d3-timer-DdKHrDhs.js                                            [39m[1m[2m    1.35 kB[22m[1m[22m[2m Ôöé gzip:   0.69 kB[22m
[2mdist/[22m[36massets/vendor-vfile-message-DqhD22jI.js                                       [39m[1m[2m    1.44 kB[22m[1m[22m[2m Ôöé gzip:   0.60 kB[22m
[2mdist/[22m[36massets/vendor-aria-hidden-DvXkyWUv.js                                         [39m[1m[2m    1.47 kB[22m[1m[22m[2m Ôöé gzip:   0.74 kB[22m
[2mdist/[22m[36massets/vendor-mdast-util-find-and-replace-CvAYlbC8.js                         [39m[1m[2m    1.49 kB[22m[1m[22m[2m Ôöé gzip:   0.78 kB[22m
[2mdist/[22m[36massets/vendor-d3-dispatch-kxCwF96_.js                                         [39m[1m[2m    1.54 kB[22m[1m[22m[2m Ôöé gzip:   0.73 kB[22m
[2mdist/[22m[36massets/vendor-zustand-DS66Yjfz.js                                             [39m[1m[2m    1.56 kB[22m[1m[22m[2m Ôöé gzip:   0.80 kB[22m
[2mdist/[22m[36massets/vendor-lit-context-BWPl8kFR.js                                         [39m[1m[2m    1.62 kB[22m[1m[22m[2m Ôöé gzip:   0.59 kB[22m
[2mdist/[22m[36massets/vendor-markdown-table-DvhhVmnL.js                                      [39m[1m[2m    1.63 kB[22m[1m[22m[2m Ôöé gzip:   0.77 kB[22m
[2mdist/[22m[36massets/vendor-shikijs-engine-javascript-CuvNLimS.js                           [39m[1m[2m    1.66 kB[22m[1m[22m[2m Ôöé gzip:   0.92 kB[22m
[2mdist/[22m[36massets/vendor-lit-labs-signals-CKBjqS8k.js                                    [39m[1m[2m    1.68 kB[22m[1m[22m[2m Ôöé gzip:   0.78 kB[22m
[2mdist/[22m[36massets/vendor-micromark-extension-gfm-strikethrough-BH6P2ktC.js               [39m[1m[2m    1.79 kB[22m[1m[22m[2m Ôöé gzip:   0.78 kB[22m
[2mdist/[22m[36massets/vendor-braintree-sanitize-url-BFwX8agE.js                              [39m[1m[2m    1.81 kB[22m[1m[22m[2m Ôöé gzip:   0.81 kB[22m
[2mdist/[22m[36massets/vendor-mdast-util-gfm-footnote-C-csI7OF.js                             [39m[1m[2m    1.84 kB[22m[1m[22m[2m Ôöé gzip:   0.77 kB[22m
[2mdist/[22m[36massets/vendor-mdast-util-gfm-table-C0xYWoQv.js                                [39m[1m[2m    2.00 kB[22m[1m[22m[2m Ôöé gzip:   0.88 kB[22m
[2mdist/[22m[36massets/vendor-d3-path-CimkQT29.js                                             [39m[1m[2m    2.03 kB[22m[1m[22m[2m Ôöé gzip:   0.91 kB[22m
[2mdist/[22m[36massets/vendor-micromark-extension-cjk-friendly-gfm-strikethrough-BEFE2327.js  [39m[1m[2m    2.16 kB[22m[1m[22m[2m Ôöé gzip:   0.99 kB[22m
[2mdist/[22m[36massets/vendor-use-sync-external-store-B9bhsh29.js                             [39m[1m[2m    2.18 kB[22m[1m[22m[2m Ôöé gzip:   0.95 kB[22m
[2mdist/[22m[36massets/vendor-d3-array-CcF9N2B-.js                                            [39m[1m[2m    2.18 kB[22m[1m[22m[2m Ôöé gzip:   0.91 kB[22m
[2mdist/[22m[36massets/vendor-untruncate-json-DUu_Zmom.js                                     [39m[1m[2m    2.29 kB[22m[1m[22m[2m Ôöé gzip:   0.78 kB[22m
[2mdist/[22m[36massets/vendor-react-remove-scroll-bar-mUteN-0s.js                             [39m[1m[2m    2.30 kB[22m[1m[22m[2m Ôöé gzip:   0.96 kB[22m
[2mdist/[22m[36massets/vendor-mdast-util-gfm-autolink-literal-DWlqqGo6.js                     [39m[1m[2m    2.37 kB[22m[1m[22m[2m Ôöé gzip:   1.07 kB[22m
[2mdist/[22m[36massets/vendor-punycode-js-Dj65hjkv.js                                         [39m[1m[2m    2.41 kB[22m[1m[22m[2m Ôöé gzip:   1.24 kB[22m
[2mdist/[22m[36massets/vendor-character-entities-html4-D7taRCQ7.js                            [39m[1m[2m    2.45 kB[22m[1m[22m[2m Ôöé gzip:   1.51 kB[22m
[2mdist/[22m[36massets/vendor-stringify-entities-CMQJFa_4.js                                  [39m[1m[2m    2.56 kB[22m[1m[22m[2m Ôöé gzip:   1.24 kB[22m
[2mdist/[22m[36massets/vendor-regex-N2pQMrI8.js                                               [39m[1m[2m    2.56 kB[22m[1m[22m[2m Ôöé gzip:   1.35 kB[22m
[2mdist/[22m[36massets/vendor-mdast-util-math-wB-IJCL0.js                                     [39m[1m[2m    2.58 kB[22m[1m[22m[2m Ôöé gzip:   1.13 kB[22m
[2mdist/[22m[36massets/vendor-ungap-structured-clone--gfxRhYI.js                              [39m[1m[2m    2.64 kB[22m[1m[22m[2m Ôöé gzip:   1.12 kB[22m
[2mdist/[22m[36massets/vendor-d3-axis-DSWTncID.js                                             [39m[1m[2m    2.67 kB[22m[1m[22m[2m Ôöé gzip:   1.12 kB[22m
[2mdist/[22m[36massets/vendor-style-to-js-CEWrBTCe.js                                         [39m[1m[2m    2.71 kB[22m[1m[22m[2m Ôöé gzip:   1.38 kB[22m
[2mdist/[22m[36massets/vendor-micromark-extension-cjk-friendly-ChC_-pvA.js                    [39m[1m[2m    2.73 kB[22m[1m[22m[2m Ôöé gzip:   1.16 kB[22m
[2mdist/[22m[36massets/vendor-hast-util-to-text-BhIrSrKx.js                                   [39m[1m[2m    2.81 kB[22m[1m[22m[2m Ôöé gzip:   1.35 kB[22m
[2mdist/[22m[36massets/vendor-graphql-B8nLqLU0.js                                             [39m[1m[2m    2.84 kB[22m[1m[22m[2m Ôöé gzip:   1.26 kB[22m
[2mdist/[22m[36massets/vendor-micromark-extension-cjk-friendly-util-B-AmpInk.js               [39m[1m[2m    2.89 kB[22m[1m[22m[2m Ôöé gzip:   1.28 kB[22m
[2mdist/[22m[36massets/vendor-regex-recursion-f1-FhnlP.js                                     [39m[1m[2m    3.32 kB[22m[1m[22m[2m Ôöé gzip:   1.65 kB[22m
[2mdist/[22m[36massets/vendor-micromark-extension-math-By2EZ8Oc.js                            [39m[1m[2m    3.33 kB[22m[1m[22m[2m Ôöé gzip:   1.26 kB[22m
[2mdist/[22m[36massets/vendor-vscode-languageserver-textdocument-CKBVUiR3.js                  [39m[1m[2m    3.47 kB[22m[1m[22m[2m Ôöé gzip:   1.39 kB[22m
[2mdist/[22m[36massets/vendor-micromark-util-subtokenize-BF1Jf29a.js                          [39m[1m[2m    3.65 kB[22m[1m[22m[2m Ôöé gzip:   1.39 kB[22m
[2mdist/[22m[36massets/vendor-micromark-extension-gfm-autolink-literal-Dna_yta7.js            [39m[1m[2m    3.78 kB[22m[1m[22m[2m Ôöé gzip:   1.39 kB[22m
[2mdist/[22m[36massets/vendor-scheduler-BmyE5rk0.js                                           [39m[1m[2m    3.78 kB[22m[1m[22m[2m Ôöé gzip:   1.69 kB[22m
[2mdist/[22m[36massets/vendor-d3-drag-TrC9RyZZ.js                                             [39m[1m[2m    3.79 kB[22m[1m[22m[2m Ôöé gzip:   1.53 kB[22m
[2mdist/[22m[36massets/vendor-stylis-D5iaQeiq.js                                              [39m[1m[2m    3.82 kB[22m[1m[22m[2m Ôöé gzip:   1.81 kB[22m
[2mdist/[22m[36massets/vendor-partial-json-KuAAe63n.js                                        [39m[1m[2m    3.83 kB[22m[1m[22m[2m Ôöé gzip:   1.58 kB[22m
[2mdist/[22m[36massets/vendor-zod-Bb5MCQSM.js                                                 [39m[1m[2m    3.85 kB[22m[1m[22m[2m Ôöé gzip:   1.60 kB[22m
[2mdist/[22m[36massets/vendor-vscode-jsonrpc-2tvYB2ki.js                                      [39m[1m[2m    3.91 kB[22m[1m[22m[2m Ôöé gzip:   1.34 kB[22m
[2mdist/[22m[36massets/vendor-rehype-harden-DGqJAjcn.js                                       [39m[1m[2m    3.96 kB[22m[1m[22m[2m Ôöé gzip:   1.54 kB[22m
[2mdist/[22m[36massets/vendor-floating-ui-utils-C1Ez6IfT.js                                   [39m[1m[2m    4.01 kB[22m[1m[22m[2m Ôöé gzip:   1.76 kB[22m
[2mdist/[22m[36massets/vendor-get-east-asian-width-CPhS2cOv.js                                [39m[1m[2m    4.28 kB[22m[1m[22m[2m Ôöé gzip:   1.88 kB[22m
[2mdist/[22m[36massets/vendor-micromark-extension-gfm-footnote-D9kKy3-g.js                    [39m[1m[2m    4.34 kB[22m[1m[22m[2m Ôöé gzip:   1.37 kB[22m
[2mdist/[22m[36massets/vendor-chevrotain-gast-BAZiRlnm.js                                     [39m[1m[2m    4.41 kB[22m[1m[22m[2m Ôöé gzip:   1.11 kB[22m
[2mdist/[22m[36massets/vendor-iconify-utils-CKP7d7-V.js                                       [39m[1m[2m    4.42 kB[22m[1m[22m[2m Ôöé gzip:   2.01 kB[22m
[2mdist/[22m[36massets/vendor-tslib-Byhrq50X.js                                               [39m[1m[2m    4.62 kB[22m[1m[22m[2m Ôöé gzip:   1.84 kB[22m
[2mdist/[22m[36massets/vendor-d3-time-DrDxhORf.js                                             [39m[1m[2m    4.63 kB[22m[1m[22m[2m Ôöé gzip:   1.65 kB[22m
[2mdist/[22m[36massets/vendor-d3-hierarchy-S4eE0pp0.js                                        [39m[1m[2m    4.74 kB[22m[1m[22m[2m Ôöé gzip:   1.87 kB[22m
[2mdist/[22m[36massets/vendor-mdurl-k9Sl0PQj.js                                               [39m[1m[2m    4.86 kB[22m[1m[22m[2m Ôöé gzip:   2.09 kB[22m
[2mdist/[22m[36massets/vendor-remend-BtStZOy_.js                                              [39m[1m[2m    4.91 kB[22m[1m[22m[2m Ôöé gzip:   1.67 kB[22m
[2mdist/[22m[36massets/vendor-d3-format-DT7eUs_k.js                                           [39m[1m[2m    4.93 kB[22m[1m[22m[2m Ôöé gzip:   2.25 kB[22m
[2mdist/[22m[36massets/vendor-d3-interpolate-DVoLvF7i.js                                      [39m[1m[2m    5.17 kB[22m[1m[22m[2m Ôöé gzip:   2.35 kB[22m
[2mdist/[22m[36massets/vendor-hast-util-sanitize-ChXunOnp.js                                  [39m[1m[2m    5.22 kB[22m[1m[22m[2m Ôöé gzip:   2.18 kB[22m
[2mdist/[22m[36massets/vendor-uc-micro-kMc2yuuw.js                                            [39m[1m[2m    5.22 kB[22m[1m[22m[2m Ôöé gzip:   2.27 kB[22m
[2mdist/[22m[36massets/vendor-signal-utils-BnbsRLRX.js                                        [39m[1m[2m    5.25 kB[22m[1m[22m[2m Ôöé gzip:   1.75 kB[22m
[2mdist/[22m[36massets/vendor-d3-scale-OkUdQJtf.js                                            [39m[1m[2m    5.77 kB[22m[1m[22m[2m Ôöé gzip:   2.26 kB[22m
[2mdist/[22m[36massets/vendor-micromark-extension-gfm-table-1JItT3rh.js                       [39m[1m[2m    5.80 kB[22m[1m[22m[2m Ôöé gzip:   1.95 kB[22m
[2mdist/[22m[36massets/vendor-react-remove-scroll-CdcjibBB.js                                 [39m[1m[2m    6.14 kB[22m[1m[22m[2m Ôöé gzip:   2.51 kB[22m
[2mdist/[22m[36massets/vendor-hast-util-raw-PAw8CUVL.js                                       [39m[1m[2m    6.25 kB[22m[1m[22m[2m Ôöé gzip:   2.31 kB[22m
[2mdist/[22m[36massets/vendor-use-stick-to-bottom-CIxqyfWi.js                                 [39m[1m[2m    7.45 kB[22m[1m[22m[2m Ôöé gzip:   2.72 kB[22m
[2mdist/[22m[36massets/vendor-lucide-react-DdoVh_ZC.js                                        [39m[1m[2m    7.49 kB[22m[1m[22m[2m Ôöé gzip:   2.04 kB[22m
[2mdist/[22m[36massets/vendor-floating-ui-dom-CfouKKPW.js                                     [39m[1m[2m    7.56 kB[22m[1m[22m[2m Ôöé gzip:   3.32 kB[22m
[2mdist/[22m[36massets/vendor-d3-sankey-CgO6js3K.js                                           [39m[1m[2m    8.46 kB[22m[1m[22m[2m Ôöé gzip:   2.89 kB[22m
[2mdist/[22m[36massets/vendor-floating-ui-core-X4vNhrfm.js                                    [39m[1m[2m    8.47 kB[22m[1m[22m[2m Ôöé gzip:   3.41 kB[22m
[2mdist/[22m[36massets/vendor-bufbuild-protobuf-BBdvdJgy.js                                   [39m[1m[2m    8.68 kB[22m[1m[22m[2m Ôöé gzip:   2.86 kB[22m
[2mdist/[22m[36massets/vendor-d3-time-format-F8KwHAma.js                                      [39m[1m[2m    9.01 kB[22m[1m[22m[2m Ôöé gzip:   2.83 kB[22m
[2mdist/[22m[36massets/vendor-d3-color-amxIadob.js                                            [39m[1m[2m    9.11 kB[22m[1m[22m[2m Ôöé gzip:   3.74 kB[22m
[2mdist/[22m[36massets/vendor-linkify-it-BhNsjqSi.js                                          [39m[1m[2m    9.13 kB[22m[1m[22m[2m Ôöé gzip:   3.07 kB[22m
[2mdist/[22m[36massets/UpdateNotification-CqmegMjj.js                                         [39m[1m[2m    9.48 kB[22m[1m[22m[2m Ôöé gzip:   3.40 kB[22m
[2mdist/[22m[36massets/SecurityMonitor-C9zjHUHO.js                                            [39m[1m[2m    9.49 kB[22m[1m[22m[2m Ôöé gzip:   3.40 kB[22m
[2mdist/[22m[36massets/vendor-unified-BnENBhEo.js                                             [39m[1m[2m    9.50 kB[22m[1m[22m[2m Ôöé gzip:   3.54 kB[22m
[2mdist/[22m[36massets/vendor-d3-zoom-fzx3tyR6.js                                             [39m[1m[2m    9.52 kB[22m[1m[22m[2m Ôöé gzip:   3.33 kB[22m
[2mdist/[22m[36massets/vendor-lit-reactive-element-B_lF-hrR.js                                [39m[1m[2m    9.76 kB[22m[1m[22m[2m Ôöé gzip:   3.49 kB[22m
[2mdist/[22m[36massets/vendor-micromark-CK0-kuer.js                                           [39m[1m[2m   10.15 kB[22m[1m[22m[2m Ôöé gzip:   4.10 kB[22m
[2mdist/[22m[36massets/vendor-signal-polyfill-DsVT-Chx.js                                     [39m[1m[2m   10.16 kB[22m[1m[22m[2m Ôöé gzip:   3.20 kB[22m
[2mdist/[22m[36massets/vendor-khroma-CpvsyfFH.js                                              [39m[1m[2m   10.33 kB[22m[1m[22m[2m Ôöé gzip:   3.86 kB[22m
[2mdist/[22m[36massets/vendor-fast-json-patch-C0C1HU49.js                                     [39m[1m[2m   10.65 kB[22m[1m[22m[2m Ôöé gzip:   3.72 kB[22m
[2mdist/[22m[36massets/vendor-chevrotain-regexp-to-ast-iKB-Nw5c.js                            [39m[1m[2m   10.66 kB[22m[1m[22m[2m Ôöé gzip:   2.93 kB[22m
[2mdist/[22m[36massets/CloudflareTunnelPanel-Qqs6PLMB.js                                      [39m[1m[2m   10.75 kB[22m[1m[22m[2m Ôöé gzip:   3.78 kB[22m
[2mdist/[22m[36massets/vendor-mdast-util-from-markdown-B84dGCfu.js                            [39m[1m[2m   10.78 kB[22m[1m[22m[2m Ôöé gzip:   3.22 kB[22m
[2mdist/[22m[36massets/vendor-vscode-uri-BTyNW8z6.js                                          [39m[1m[2m   10.91 kB[22m[1m[22m[2m Ôöé gzip:   4.31 kB[22m
[2mdist/[22m[36massets/vendor-d3-transition-K1gZuarI.js                                       [39m[1m[2m   11.19 kB[22m[1m[22m[2m Ôöé gzip:   3.69 kB[22m
[2mdist/[22m[36massets/vendor-mdast-util-to-hast-D1QKRMBX.js                                  [39m[1m[2m   11.38 kB[22m[1m[22m[2m Ôöé gzip:   3.50 kB[22m
[2mdist/[22m[36massets/vendor-chevrotain-allstar-C2pP6V-S.js                                  [39m[1m[2m   11.78 kB[22m[1m[22m[2m Ôöé gzip:   4.10 kB[22m
[2mdist/[22m[36massets/vendor-mdast-util-to-markdown-BG8F_4gO.js                              [39m[1m[2m   12.16 kB[22m[1m[22m[2m Ôöé gzip:   3.67 kB[22m
[2mdist/[22m[36massets/vendor-d3-selection-DSeOx27A.js                                        [39m[1m[2m   12.62 kB[22m[1m[22m[2m Ôöé gzip:   4.03 kB[22m
[2mdist/[22m[36massets/AIPanel-DhK1-6bW.js                                                    [39m[1m[2m   13.55 kB[22m[1m[22m[2m Ôöé gzip:   5.24 kB[22m
[2mdist/[22m[36massets/CatalogBrowser-BoGn8aPN.js                                             [39m[1m[2m   13.55 kB[22m[1m[22m[2m Ôöé gzip:   4.67 kB[22m
[2mdist/[22m[36massets/vendor-lit-html-BM_kPn4J.js                                            [39m[1m[2m   14.57 kB[22m[1m[22m[2m Ôöé gzip:   5.53 kB[22m
[2mdist/[22m[36massets/SearchPanel-CvP3WNWD.js                                                [39m[1m[2m   15.12 kB[22m[1m[22m[2m Ôöé gzip:   5.05 kB[22m
[2mdist/[22m[36massets/vendor-dayjs-C-VC6Z7F.js                                               [39m[1m[2m   17.42 kB[22m[1m[22m[2m Ôöé gzip:   6.74 kB[22m
[2mdist/[22m[36massets/PluginHub-D7QW-2Cm.js                                                  [39m[1m[2m   18.05 kB[22m[1m[22m[2m Ôöé gzip:   5.76 kB[22m
[2mdist/[22m[36massets/CopilotDevPanel-BWlzL3mY.js                                            [39m[1m[2m   18.11 kB[22m[1m[22m[2m Ôöé gzip:   6.17 kB[22m
[2mdist/[22m[36massets/AIGatewayPanel-nXG9wxp4.js                                             [39m[1m[2m   18.44 kB[22m[1m[22m[2m Ôöé gzip:   6.33 kB[22m
[2mdist/[22m[36massets/AnalyticsPanel-DVd6EbNt.js                                             [39m[1m[2m   18.80 kB[22m[1m[22m[2m Ôöé gzip:   6.45 kB[22m
[2mdist/[22m[36massets/ToolsPanel-tfsteLJp.js                                                 [39m[1m[2m   19.13 kB[22m[1m[22m[2m Ôöé gzip:   5.97 kB[22m
[2mdist/[22m[36massets/vendor-cose-base-DxesMprl.js                                           [39m[1m[2m   19.74 kB[22m[1m[22m[2m Ôöé gzip:   5.94 kB[22m
[2mdist/[22m[36massets/vendor-hast-util-to-parse5-BxJkZqlT.js                                 [39m[1m[2m   19.97 kB[22m[1m[22m[2m Ôöé gzip:   6.78 kB[22m
[2mdist/[22m[36massets/vendor-upsetjs-venn-js-1KZX49pH.js                                     [39m[1m[2m   20.14 kB[22m[1m[22m[2m Ôöé gzip:   7.98 kB[22m
[2mdist/[22m[36massets/vendor-a2ui-web_core-PQIk8tiJ.js                                       [39m[1m[2m   20.33 kB[22m[1m[22m[2m Ôöé gzip:   5.69 kB[22m
[2mdist/[22m[36massets/vendor-entities-BglH30t1.js                                            [39m[1m[2m   20.58 kB[22m[1m[22m[2m Ôöé gzip:  20.31 kB[22m
[2mdist/[22m[36massets/vendor-zod-to-json-schema-B4ea52YU.js                                  [39m[1m[2m   20.72 kB[22m[1m[22m[2m Ôöé gzip:   6.14 kB[22m
[2mdist/[22m[36massets/KnowledgeHubPanel-pJAOzP4l.js                                          [39m[1m[2m   21.12 kB[22m[1m[22m[2m Ôöé gzip:   6.26 kB[22m
[2mdist/[22m[36massets/vendor-d3-shape-Zm-2BviX.js                                            [39m[1m[2m   21.20 kB[22m[1m[22m[2m Ôöé gzip:   4.82 kB[22m
[2mdist/[22m[36massets/vendor-rxjs-C77Nwi6L.js                                                [39m[1m[2m   21.28 kB[22m[1m[22m[2m Ôöé gzip:   6.51 kB[22m
[2mdist/[22m[36massets/vendor-hast-util-from-dom-B_XPaTAD.js                                  [39m[1m[2m   21.66 kB[22m[1m[22m[2m Ôöé gzip:   7.45 kB[22m
[2mdist/[22m[36massets/vendor-phoenix-CB73hqIL.js                                             [39m[1m[2m   21.75 kB[22m[1m[22m[2m Ôöé gzip:   6.71 kB[22m
[2mdist/[22m[36massets/vendor-shikijs-themes-BflfClGv.js                                      [39m[1m[2m   22.56 kB[22m[1m[22m[2m Ôöé gzip:   3.78 kB[22m
[2mdist/[22m[36massets/vendor-dompurify-Bc-0F0ao.js                                           [39m[1m[2m   22.76 kB[22m[1m[22m[2m Ôöé gzip:   8.79 kB[22m
[2mdist/[22m[36massets/vendor-hast-util-from-parse5-Clnjkzjz.js                               [39m[1m[2m   23.03 kB[22m[1m[22m[2m Ôöé gzip:   8.02 kB[22m
[2mdist/[22m[36massets/vendor-oniguruma-parser-CZUffUff.js                                    [39m[1m[2m   24.37 kB[22m[1m[22m[2m Ôöé gzip:   8.32 kB[22m
[2mdist/[22m[36massets/vendor-hast-util-to-jsx-runtime-DFfyd8bn.js                            [39m[1m[2m   24.69 kB[22m[1m[22m[2m Ôöé gzip:   8.30 kB[22m
[2mdist/[22m[36massets/AgentsCreatorPanel-CYiUqcqS.js                                         [39m[1m[2m   26.00 kB[22m[1m[22m[2m Ôöé gzip:   7.71 kB[22m
[2mdist/[22m[36massets/vendor-hast-util-to-html-6Z2DrW_x.js                                   [39m[1m[2m   26.11 kB[22m[1m[22m[2m Ôöé gzip:   8.55 kB[22m
[2mdist/[22m[36massets/vendor-vscode-languageserver-types-DwMerngV.js                         [39m[1m[2m   26.92 kB[22m[1m[22m[2m Ôöé gzip:   7.02 kB[22m
[2mdist/[22m[36massets/vendor-tailwind-merge-8MSGM247.js                                      [39m[1m[2m   27.16 kB[22m[1m[22m[2m Ôöé gzip:   8.50 kB[22m
[2mdist/[22m[36massets/vendor-roughjs-GtHDBO_d.js                                             [39m[1m[2m   27.68 kB[22m[1m[22m[2m Ôöé gzip:   9.22 kB[22m
[2mdist/[22m[36massets/vendor-oniguruma-to-es-DLTbX_wN.js                                     [39m[1m[2m   27.99 kB[22m[1m[22m[2m Ôöé gzip:  10.56 kB[22m
[2mdist/[22m[36massets/vendor-micromark-core-commonmark-CuaB6Vo2.js                           [39m[1m[2m   28.59 kB[22m[1m[22m[2m Ôöé gzip:   7.17 kB[22m
[2mdist/[22m[36massets/TerminalPanel-D9uHO2et.js                                              [39m[1m[2m   29.09 kB[22m[1m[22m[2m Ôöé gzip:  10.48 kB[22m
[2mdist/[22m[36massets/vendor-lodash-es-CeJyYO-H.js                                           [39m[1m[2m   31.35 kB[22m[1m[22m[2m Ôöé gzip:  11.00 kB[22m
[2mdist/[22m[36massets/vendor-dagre-d3-es-D2g4_wc2.js                                         [39m[1m[2m   31.41 kB[22m[1m[22m[2m Ôöé gzip:  10.46 kB[22m
[2mdist/[22m[36massets/vendor-shikijs-core-Bj5mjxF7.js                                        [39m[1m[2m   32.01 kB[22m[1m[22m[2m Ôöé gzip:  11.39 kB[22m
[2mdist/[22m[36massets/vendor-marked-JKvyS0Pp.js                                              [39m[1m[2m   35.40 kB[22m[1m[22m[2m Ôöé gzip:  11.15 kB[22m
[2mdist/[22m[36massets/vendor-axios-42ANG6Sg.js                                               [39m[1m[2m   37.09 kB[22m[1m[22m[2m Ôöé gzip:  14.85 kB[22m
[2mdist/[22m[36massets/vendor-shikijs-vscode-textmate-B0jQZie6.js                             [39m[1m[2m   43.90 kB[22m[1m[22m[2m Ôöé gzip:  12.27 kB[22m
[2mdist/[22m[36massets/vendor-xyflow-system-DAJYzKaO.js                                       [39m[1m[2m   46.78 kB[22m[1m[22m[2m Ôöé gzip:  17.38 kB[22m
[2mdist/[22m[36massets/vendor-layout-base-BhtI-GPZ.js                                         [39m[1m[2m   51.50 kB[22m[1m[22m[2m Ôöé gzip:  13.91 kB[22m
[2mdist/[22m[36massets/vendor-radix-ui-CUKL9_Gk.js                                            [39m[1m[2m   54.56 kB[22m[1m[22m[2m Ôöé gzip:  15.92 kB[22m
[2mdist/[22m[36massets/ElectronApp-ogz6oYtR.js                                                [39m[1m[2m   69.60 kB[22m[1m[22m[2m Ôöé gzip:  19.59 kB[22m
[2mdist/[22m[36massets/vendor-markdown-it-DRYnqzhq.js                                         [39m[1m[2m   70.54 kB[22m[1m[22m[2m Ôöé gzip:  36.46 kB[22m
[2mdist/[22m[36massets/vendor-mermaid-js-parser-CCa_EiV-.js                                   [39m[1m[2m   81.60 kB[22m[1m[22m[2m Ôöé gzip:   9.07 kB[22m
[2mdist/[22m[36massets/vendor-chevrotain-BUJaulDA.js                                          [39m[1m[2m   90.03 kB[22m[1m[22m[2m Ôöé gzip:  25.97 kB[22m
[2mdist/[22m[36massets/vendor-vscode-languageserver-protocol-CisA6BJB.js                      [39m[1m[2m   93.59 kB[22m[1m[22m[2m Ôöé gzip:  19.85 kB[22m
[2mdist/[22m[36massets/vendor-a2ui-lit-BpLD5Ct0.js                                            [39m[1m[2m   93.64 kB[22m[1m[22m[2m Ôöé gzip:  15.68 kB[22m
[2mdist/[22m[36massets/vendor-streamdown-riF_PI48.js                                          [39m[1m[2m   95.57 kB[22m[1m[22m[2m Ôöé gzip:  30.83 kB[22m
[2mdist/[22m[36massets/vendor-langium-CF-59LGz.js                                             [39m[1m[2m  116.67 kB[22m[1m[22m[2m Ôöé gzip:  32.35 kB[22m
[2mdist/[22m[36massets/vendor-parse5-VSgWCS08.js                                              [39m[1m[2m  125.64 kB[22m[1m[22m[2m Ôöé gzip:  25.66 kB[22m
[2mdist/[22m[36massets/index-ByGe_vVz.js                                                      [39m[1m[2m  176.90 kB[22m[1m[22m[2m Ôöé gzip:  46.93 kB[22m
[2mdist/[22m[36massets/vendor-katex-DfMQpjbI.js                                               [39m[1m[2m  256.86 kB[22m[1m[22m[2m Ôöé gzip:  77.05 kB[22m
[2mdist/[22m[36massets/vendor-react-DpMPyOxw.js                                               [39m[1m[2m  434.17 kB[22m[1m[22m[2m Ôöé gzip: 128.07 kB[22m
[2mdist/[22m[36massets/vendor-copilotkit-DnljfxI9.js                                          [39m[1m[2m  519.56 kB[22m[1m[22m[2m Ôöé gzip: 123.65 kB[22m
[2mdist/[22m[36massets/vendor-cytoscape-C86aJI6s.js                                           [39m[1m[2m  573.28 kB[22m[1m[22m[2m Ôöé gzip: 178.21 kB[22m
[2mdist/[22m[36massets/vendor-lucide-DgEwV-Eh.js                                              [39m[1m[2m  606.31 kB[22m[1m[22m[2m Ôöé gzip:  80.38 kB[22m
[2mdist/[22m[36massets/vendor-shikijs-langs-B6ve0v6G.js                                       [39m[1m[2m1,023.12 kB[22m[1m[22m[2m Ôöé gzip: 117.76 kB[22m
[2mdist/[22m[36massets/vendor-mermaid-EQJkA-IL.js                                             [39m[1m[2m1,166.33 kB[22m[1m[22m[2m Ôöé gzip: 317.06 kB[22m
[32mÔťô built in 15.20s[39m
